WARNING: Simulation box increased due to particles being too close to the boundaries.
# Running single-site MD simulation.

container                        :  [LinkedCells]
verlet-rebuild-frequency         :  30
verlet-skin-radius               :  0.3
tuning-strategies                :  []
tuning-metric                    :  time
tuning-interval                  :  5000
tuning-samples                   :  30
early-stopping-factor            :  inf
use-LOESS-smoothening            :  false
PairwiseInteraction:             
  functor                        :  Lennard-Jones (12-6) AVX intrinsics
  traversal                      :  [lc_c08]
  data-layout                    :  [SoA]
  newton3                        :  [enabled]
cutoff                           :  3
cutoffs                          :  [1.5, 3]
box-min                          :  [-0.561, -0.561, -0.561]
box-max                          :  [40.561, 40.561, 50.5]
cell-size                        :  [0.5]
deltaT                           :  5e-05
pause-simulation-during-tuning   :  false
sorting-threshold                :  8
iterations                       :  600000
boundary-type                    :  [periodic, periodic, reflective]
Sites:                           
  0:
    epsilon                      :  0.5
    sigma                        :  0.5
    nu                           :  0
    mass                         :  2
  1:
    epsilon                      :  1
    sigma                        :  1
    nu                           :  0
    mass                         :  1
Objects:                         
  CubeClosestPacked:
    0:  
      particle-spacing           :  1.122
      box-length                 :  [40, 40, 20]
      bottomLeftCorner           :  [0, 0, 0]
      velocity                   :  [0, 0, 0]
      particle-type-id           :  1
  CubeClosestPacked:
    1:  
      particle-spacing           :  0.6
      box-length                 :  [40, 40, 20]
      bottomLeftCorner           :  [0, 0, 20.1]
      velocity                   :  [0, 0, 0]
      particle-type-id           :  0
globalForce                      :  [0, 0, -12.44]
thermostat:
  initialTemperature             :  40
  targetTemperature              :  40
  deltaTemperature               :  10
  thermostatInterval             :  100
  addBrownianMotion              :  true
use-tuning-logger                :  false
output-suffix                    :  
log-level                        :  info
no-end-config                    :  false
no-progress-bar                  :  true
load-balancer                    :  InvertedPressure
load-balancing-interval          :  5000
subdivide-dimension              :  [true, true, true]
energy-sensor                    :  rapl


Using 112 Threads
MPI is disabled.
[2026-04-30 05:03:04.711] [AutoPasLog] [info] [AutoPasImpl.h:70] AutoPas Version: 3.0.0-0578e94
[2026-04-30 05:03:04.711] [AutoPasLog] [info] [AutoPasImpl.h:71] Compiled with  : GCC 13.2.0
Number of particles at initialization on rank 0: 244387
Number of particles at initialization globally : 244387


Total number of particles at the end of Simulation: 329075
Owned: 244387
Halo : 84688
Measurements:
Total accumulated                  : 29539835497156 ns (29539.835s)
  Initialization                   :       46824580 ns (    0.047s) =  0.000%
  Simulate                         : 29539788671765 ns (29539.789s) =100.000%
    PositionUpdate                 :   161530398393 ns (  161.530s) =  0.547%
    UpdateContainer                :  7050798692196 ns ( 7050.799s) = 23.869%
    Boundaries                     : 13939674982752 ns (13939.675s) = 47.189%
      HaloParticleExchange         : 13289267127147 ns (13289.267s) = 91.930%
      ReflectParticlesAtBoundaries :   516134316865 ns (  516.134s) =  3.570%
      MigratingParticleExchange    :   650407855605 ns (  650.408s) =  4.499%
    ForceUpdateTotal               :  7570869671588 ns ( 7570.870s) = 25.629%
      ForceUpdateNonTuning         :  7570371716509 ns ( 7570.372s) = 99.993%
    VelocityUpdate                 :   291171660284 ns (  291.172s) =  0.986%
    Thermostat                     :     5990573397 ns (    5.991s) =  0.020%
    LoadBalancing                  :       30418204 ns (    0.030s) =  0.000%
  One iteration                  :       49232981 ns (    0.049s) =  0.000%
Total wall-clock time              : 29539835497156 ns (29539.835s) =100.000%

Tuning iterations                  : 0 / 600000 = 0%
MFUPs/sec                          : 19.3679
Mean Rebuild Frequency               : 29.9401
