WARNING: Simulation box increased due to particles being too close to the boundaries.
# Running single-site MD simulation.

container                        :  [HierarchicalGrid]
verlet-rebuild-frequency         :  30
verlet-skin-radius               :  0.3
tuning-strategies                :  []
tuning-metric                    :  time
tuning-interval                  :  5000
tuning-samples                   :  30
early-stopping-factor            :  inf
use-LOESS-smoothening            :  false
PairwiseInteraction:             
  functor                        :  Lennard-Jones (12-6) AVX intrinsics
  traversal                      :  [hgrid_block4]
  data-layout                    :  [SoA]
  newton3                        :  [enabled]
cutoff                           :  3
cutoffs                          :  [1.5, 3]
box-min                          :  [-0.561, -0.561, -0.561]
box-max                          :  [40.561, 40.561, 50.5]
cell-size                        :  [1]
deltaT                           :  5e-05
pause-simulation-during-tuning   :  false
sorting-threshold                :  8
iterations                       :  600000
boundary-type                    :  [periodic, periodic, reflective]
Sites:                           
  0:
    epsilon                      :  0.5
    sigma                        :  0.5
    nu                           :  0
    mass                         :  2
  1:
    epsilon                      :  1
    sigma                        :  1
    nu                           :  0
    mass                         :  1
Objects:                         
  CubeClosestPacked:
    0:  
      particle-spacing           :  1.122
      box-length                 :  [40, 40, 20]
      bottomLeftCorner           :  [0, 0, 0]
      velocity                   :  [0, 0, 0]
      particle-type-id           :  1
  CubeClosestPacked:
    1:  
      particle-spacing           :  0.6
      box-length                 :  [40, 40, 20]
      bottomLeftCorner           :  [0, 0, 20.1]
      velocity                   :  [0, 0, 0]
      particle-type-id           :  0
globalForce                      :  [0, 0, -12.44]
thermostat:
  initialTemperature             :  40
  targetTemperature              :  40
  deltaTemperature               :  10
  thermostatInterval             :  100
  addBrownianMotion              :  true
use-tuning-logger                :  false
output-suffix                    :  
log-level                        :  info
no-end-config                    :  false
no-progress-bar                  :  true
load-balancer                    :  InvertedPressure
load-balancing-interval          :  5000
subdivide-dimension              :  [true, true, true]
energy-sensor                    :  rapl


Using 112 Threads
MPI is disabled.
[2026-04-29 21:26:32.146] [AutoPasLog] [info] [AutoPasImpl.h:70] AutoPas Version: 3.0.0-0578e94
[2026-04-29 21:26:32.146] [AutoPasLog] [info] [AutoPasImpl.h:71] Compiled with  : GCC 13.2.0
Number of particles at initialization on rank 0: 244387
Number of particles at initialization globally : 244387


Total number of particles at the end of Simulation: 328051
Owned: 244387
Halo : 83664
Measurements:
Total accumulated                  : 26050603662923 ns (26050.604s)
  Initialization                   :       86367366 ns (    0.086s) =  0.000%
  Simulate                         : 26050517294026 ns (26050.517s) =100.000%
    PositionUpdate                 :   128867802828 ns (  128.868s) =  0.495%
    UpdateContainer                :  3509592940064 ns ( 3509.593s) = 13.472%
    Boundaries                     : 10050257818269 ns (10050.258s) = 38.580%
      HaloParticleExchange         :  9611466692857 ns ( 9611.467s) = 89.859%
      ReflectParticlesAtBoundaries :   645903711613 ns (  645.904s) =  6.039%
      MigratingParticleExchange    :   438791125412 ns (  438.791s) =  4.102%
    ForceUpdateTotal               : 11522320974275 ns (11522.321s) = 44.231%
      ForceUpdateNonTuning         : 11521963309039 ns (11521.963s) = 99.997%
    VelocityUpdate                 :   185856053215 ns (  185.856s) =  0.713%
    Thermostat                     :     4026651446 ns (    4.027s) =  0.015%
    LoadBalancing                  :       11003559 ns (    0.011s) =  0.000%
  One iteration                  :       43417528 ns (    0.043s) =  0.000%
Total wall-clock time              : 26050603662923 ns (26050.604s) =100.000%

Tuning iterations                  : 0 / 600000 = 0%
MFUPs/sec                          : 12.7259
Mean Rebuild Frequency               : 29.9401
