WARNING: Simulation box increased due to particles being too close to the boundaries.
# Running single-site MD simulation.

container                        :  [HierarchicalGrid]
verlet-rebuild-frequency         :  30
verlet-skin-radius               :  0.3
tuning-strategies                :  []
tuning-metric                    :  time
tuning-interval                  :  5000
tuning-samples                   :  30
early-stopping-factor            :  inf
use-LOESS-smoothening            :  false
PairwiseInteraction:             
  functor                        :  Lennard-Jones (12-6) AVX intrinsics
  traversal                      :  [hgrid_block8]
  data-layout                    :  [SoA]
  newton3                        :  [enabled]
cutoff                           :  3
cutoffs                          :  [1.5, 3]
box-min                          :  [-0.561, -0.561, -0.561]
box-max                          :  [40.561, 40.561, 50.5]
cell-size                        :  [1]
deltaT                           :  5e-05
pause-simulation-during-tuning   :  false
sorting-threshold                :  8
iterations                       :  600000
boundary-type                    :  [periodic, periodic, reflective]
Sites:                           
  0:
    epsilon                      :  0.5
    sigma                        :  0.5
    nu                           :  0
    mass                         :  2
  1:
    epsilon                      :  1
    sigma                        :  1
    nu                           :  0
    mass                         :  1
Objects:                         
  CubeClosestPacked:
    0:  
      particle-spacing           :  1.122
      box-length                 :  [40, 40, 20]
      bottomLeftCorner           :  [0, 0, 0]
      velocity                   :  [0, 0, 0]
      particle-type-id           :  1
  CubeClosestPacked:
    1:  
      particle-spacing           :  0.6
      box-length                 :  [40, 40, 20]
      bottomLeftCorner           :  [0, 0, 20.1]
      velocity                   :  [0, 0, 0]
      particle-type-id           :  0
globalForce                      :  [0, 0, -12.44]
thermostat:
  initialTemperature             :  40
  targetTemperature              :  40
  deltaTemperature               :  10
  thermostatInterval             :  100
  addBrownianMotion              :  true
use-tuning-logger                :  false
output-suffix                    :  
log-level                        :  info
no-end-config                    :  false
no-progress-bar                  :  true
load-balancer                    :  InvertedPressure
load-balancing-interval          :  5000
subdivide-dimension              :  [true, true, true]
energy-sensor                    :  rapl


Using 112 Threads
MPI is disabled.
[2026-04-29 21:26:32.206] [AutoPasLog] [info] [AutoPasImpl.h:70] AutoPas Version: 3.0.0-0578e94
[2026-04-29 21:26:32.206] [AutoPasLog] [info] [AutoPasImpl.h:71] Compiled with  : GCC 13.2.0
Number of particles at initialization on rank 0: 244387
Number of particles at initialization globally : 244387


Total number of particles at the end of Simulation: 329355
Owned: 244387
Halo : 84968
Measurements:
Total accumulated                  : 27391273916436 ns (27391.274s)
  Initialization                   :       87572194 ns (    0.088s) =  0.000%
  Simulate                         : 27391186342789 ns (27391.186s) =100.000%
    PositionUpdate                 :   111160089833 ns (  111.160s) =  0.406%
    UpdateContainer                :  4799357345440 ns ( 4799.357s) = 17.522%
    Boundaries                     :  9955503602108 ns ( 9955.504s) = 36.346%
      HaloParticleExchange         :  9529800498303 ns ( 9529.800s) = 89.739%
      ReflectParticlesAtBoundaries :   663909655136 ns (  663.910s) =  6.252%
      MigratingParticleExchange    :   425703103805 ns (  425.703s) =  4.009%
    ForceUpdateTotal               : 11672077200835 ns (11672.077s) = 42.613%
      ForceUpdateNonTuning         : 11671750255871 ns (11671.750s) = 99.997%
    VelocityUpdate                 :   181814189316 ns (  181.814s) =  0.664%
    Thermostat                     :     3944429120 ns (    3.944s) =  0.014%
    LoadBalancing                  :       10649592 ns (    0.011s) =  0.000%
  One iteration                  :       45651977 ns (    0.046s) =  0.000%
Total wall-clock time              : 27391273916436 ns (27391.274s) =100.000%

Tuning iterations                  : 0 / 600000 = 0%
MFUPs/sec                          : 12.5626
Mean Rebuild Frequency               : 29.9401
