WARNING: Simulation box increased due to particles being too close to the boundaries.
# Running single-site MD simulation.

container                        :  [LinkedCells]
verlet-rebuild-frequency         :  30
verlet-skin-radius               :  0.3
tuning-strategies                :  []
tuning-metric                    :  time
tuning-interval                  :  5000
tuning-samples                   :  30
early-stopping-factor            :  inf
use-LOESS-smoothening            :  false
PairwiseInteraction:             
  functor                        :  Lennard-Jones (12-6) AVX intrinsics
  traversal                      :  [lc_c08]
  data-layout                    :  [SoA]
  newton3                        :  [enabled]
cutoff                           :  3
cutoffs                          :  [1.5, 3]
box-min                          :  [-0.561, -0.561, -0.561]
box-max                          :  [40.561, 40.561, 50.5]
cell-size                        :  [1]
deltaT                           :  5e-05
pause-simulation-during-tuning   :  false
sorting-threshold                :  8
iterations                       :  600000
boundary-type                    :  [periodic, periodic, reflective]
Sites:                           
  0:
    epsilon                      :  0.5
    sigma                        :  0.5
    nu                           :  0
    mass                         :  2
  1:
    epsilon                      :  1
    sigma                        :  1
    nu                           :  0
    mass                         :  1
Objects:                         
  CubeClosestPacked:
    0:  
      particle-spacing           :  1.122
      box-length                 :  [40, 40, 20]
      bottomLeftCorner           :  [0, 0, 0]
      velocity                   :  [0, 0, 0]
      particle-type-id           :  1
  CubeClosestPacked:
    1:  
      particle-spacing           :  0.6
      box-length                 :  [40, 40, 20]
      bottomLeftCorner           :  [0, 0, 20.1]
      velocity                   :  [0, 0, 0]
      particle-type-id           :  0
globalForce                      :  [0, 0, -12.44]
thermostat:
  initialTemperature             :  40
  targetTemperature              :  40
  deltaTemperature               :  10
  thermostatInterval             :  100
  addBrownianMotion              :  true
use-tuning-logger                :  false
output-suffix                    :  
log-level                        :  info
no-end-config                    :  false
no-progress-bar                  :  true
load-balancer                    :  InvertedPressure
load-balancing-interval          :  5000
subdivide-dimension              :  [true, true, true]
energy-sensor                    :  rapl


Using 112 Threads
MPI is disabled.
[2026-04-29 21:26:32.200] [AutoPasLog] [info] [AutoPasImpl.h:70] AutoPas Version: 3.0.0-0578e94
[2026-04-29 21:26:32.200] [AutoPasLog] [info] [AutoPasImpl.h:71] Compiled with  : GCC 13.2.0
Number of particles at initialization on rank 0: 244387
Number of particles at initialization globally : 244387


Total number of particles at the end of Simulation: 329717
Owned: 244387
Halo : 85330
Measurements:
Total accumulated                  : 26385183875448 ns (26385.184s)
  Initialization                   :       61001214 ns (    0.061s) =  0.000%
  Simulate                         : 26385122857063 ns (26385.123s) =100.000%
    PositionUpdate                 :   128219785128 ns (  128.220s) =  0.486%
    UpdateContainer                :  4091536884447 ns ( 4091.537s) = 15.507%
    Boundaries                     : 10453427484520 ns (10453.427s) = 39.619%
      HaloParticleExchange         :  9995768967946 ns ( 9995.769s) = 90.273%
      ReflectParticlesAtBoundaries :   619431297815 ns (  619.431s) =  5.594%
      MigratingParticleExchange    :   457658516574 ns (  457.659s) =  4.133%
    ForceUpdateTotal               : 10870267703596 ns (10870.268s) = 41.198%
      ForceUpdateNonTuning         : 10869881605736 ns (10869.882s) = 99.996%
    VelocityUpdate                 :   214765601113 ns (  214.766s) =  0.814%
    Thermostat                     :     4055586059 ns (    4.056s) =  0.015%
    LoadBalancing                  :       11143413 ns (    0.011s) =  0.000%
  One iteration                  :       43975204 ns (    0.044s) =  0.000%
Total wall-clock time              : 26385183875448 ns (26385.184s) =100.000%

Tuning iterations                  : 0 / 600000 = 0%
MFUPs/sec                          : 13.4893
Mean Rebuild Frequency               : 29.9401
