WARNING: Simulation box increased due to particles being too close to the boundaries.
# Running single-site MD simulation.

container                        :  [HierarchicalGrid]
verlet-rebuild-frequency         :  30
verlet-skin-radius               :  0.3
tuning-strategies                :  []
tuning-metric                    :  time
tuning-interval                  :  5000
tuning-samples                   :  30
early-stopping-factor            :  inf
use-LOESS-smoothening            :  false
PairwiseInteraction:             
  functor                        :  Lennard-Jones (12-6) AVX intrinsics
  traversal                      :  [hgrid_block8]
  data-layout                    :  [SoA]
  newton3                        :  [enabled]
cutoff                           :  3
cutoffs                          :  [1.5, 3]
box-min                          :  [-0.561, -0.561, -0.561]
box-max                          :  [40.561, 40.561, 50.5]
cell-size                        :  [0.5]
deltaT                           :  5e-05
pause-simulation-during-tuning   :  false
sorting-threshold                :  8
iterations                       :  600000
boundary-type                    :  [periodic, periodic, reflective]
Sites:                           
  0:
    epsilon                      :  0.5
    sigma                        :  0.5
    nu                           :  0
    mass                         :  2
  1:
    epsilon                      :  1
    sigma                        :  1
    nu                           :  0
    mass                         :  1
Objects:                         
  CubeClosestPacked:
    0:  
      particle-spacing           :  1.122
      box-length                 :  [40, 40, 20]
      bottomLeftCorner           :  [0, 0, 0]
      velocity                   :  [0, 0, 0]
      particle-type-id           :  1
  CubeClosestPacked:
    1:  
      particle-spacing           :  0.6
      box-length                 :  [40, 40, 20]
      bottomLeftCorner           :  [0, 0, 20.1]
      velocity                   :  [0, 0, 0]
      particle-type-id           :  0
globalForce                      :  [0, 0, -12.44]
thermostat:
  initialTemperature             :  40
  targetTemperature              :  40
  deltaTemperature               :  10
  thermostatInterval             :  100
  addBrownianMotion              :  true
use-tuning-logger                :  false
output-suffix                    :  
log-level                        :  info
no-end-config                    :  false
no-progress-bar                  :  true
load-balancer                    :  InvertedPressure
load-balancing-interval          :  5000
subdivide-dimension              :  [true, true, true]
energy-sensor                    :  rapl


Using 112 Threads
MPI is disabled.
[2026-04-30 09:24:15.262] [AutoPasLog] [info] [AutoPasImpl.h:70] AutoPas Version: 3.0.0-0578e94
[2026-04-30 09:24:15.262] [AutoPasLog] [info] [AutoPasImpl.h:71] Compiled with  : GCC 13.2.0
Number of particles at initialization on rank 0: 244387
Number of particles at initialization globally : 244387


Total number of particles at the end of Simulation: 329208
Owned: 244387
Halo : 84821
Measurements:
Total accumulated                  : 31416022745457 ns (31416.023s)
  Initialization                   :      256523877 ns (    0.257s) =  0.001%
  Simulate                         : 31415766220051 ns (31415.766s) = 99.999%
    PositionUpdate                 :   139004230185 ns (  139.004s) =  0.442%
    UpdateContainer                :  5814500397139 ns ( 5814.500s) = 18.508%
    Boundaries                     : 14724306960704 ns (14724.307s) = 46.869%
      HaloParticleExchange         : 14044031317543 ns (14044.031s) = 91.989%
      ReflectParticlesAtBoundaries :   542700764773 ns (  542.701s) =  3.555%
      MigratingParticleExchange    :   680275643161 ns (  680.276s) =  4.456%
    ForceUpdateTotal               :  9943270581183 ns ( 9943.271s) = 31.651%
      ForceUpdateNonTuning         :  9942734457298 ns ( 9942.734s) = 99.995%
    VelocityUpdate                 :   241061654413 ns (  241.062s) =  0.767%
    Thermostat                     :     5899040476 ns (    5.899s) =  0.019%
    LoadBalancing                  :       33522201 ns (    0.034s) =  0.000%
  One iteration                  :       52359610 ns (    0.052s) =  0.000%
Total wall-clock time              : 31416022745457 ns (31416.023s) =100.000%

Tuning iterations                  : 0 / 600000 = 0%
MFUPs/sec                          : 14.7469
Mean Rebuild Frequency               : 29.9401
