WARNING: Simulation box increased due to particles being too close to the boundaries.
# Running single-site MD simulation.

container                        :  [HierarchicalGrid]
verlet-rebuild-frequency         :  30
verlet-skin-radius               :  0.3
tuning-strategies                :  []
tuning-metric                    :  time
tuning-interval                  :  5000
tuning-samples                   :  30
early-stopping-factor            :  inf
use-LOESS-smoothening            :  false
PairwiseInteraction:             
  functor                        :  Lennard-Jones (12-6) AVX intrinsics
  traversal                      :  [hgrid_block4]
  data-layout                    :  [SoA]
  newton3                        :  [enabled]
cutoff                           :  3
cutoffs                          :  [1.5, 3]
box-min                          :  [-0.561, -0.561, -0.561]
box-max                          :  [40.561, 40.561, 50.5]
cell-size                        :  [0.5]
deltaT                           :  5e-05
pause-simulation-during-tuning   :  false
sorting-threshold                :  8
iterations                       :  600000
boundary-type                    :  [periodic, periodic, reflective]
Sites:                           
  0:
    epsilon                      :  0.5
    sigma                        :  0.5
    nu                           :  0
    mass                         :  2
  1:
    epsilon                      :  1
    sigma                        :  1
    nu                           :  0
    mass                         :  1
Objects:                         
  CubeClosestPacked:
    0:  
      particle-spacing           :  1.122
      box-length                 :  [40, 40, 20]
      bottomLeftCorner           :  [0, 0, 0]
      velocity                   :  [0, 0, 0]
      particle-type-id           :  1
  CubeClosestPacked:
    1:  
      particle-spacing           :  0.6
      box-length                 :  [40, 40, 20]
      bottomLeftCorner           :  [0, 0, 20.1]
      velocity                   :  [0, 0, 0]
      particle-type-id           :  0
globalForce                      :  [0, 0, -12.44]
thermostat:
  initialTemperature             :  40
  targetTemperature              :  40
  deltaTemperature               :  10
  thermostatInterval             :  100
  addBrownianMotion              :  true
use-tuning-logger                :  false
output-suffix                    :  
log-level                        :  info
no-end-config                    :  false
no-progress-bar                  :  true
load-balancer                    :  InvertedPressure
load-balancing-interval          :  5000
subdivide-dimension              :  [true, true, true]
energy-sensor                    :  rapl


Using 112 Threads
MPI is disabled.
[2026-04-30 04:46:18.513] [AutoPasLog] [info] [AutoPasImpl.h:70] AutoPas Version: 3.0.0-0578e94
[2026-04-30 04:46:18.513] [AutoPasLog] [info] [AutoPasImpl.h:71] Compiled with  : GCC 13.2.0
Number of particles at initialization on rank 0: 244387
Number of particles at initialization globally : 244387


Total number of particles at the end of Simulation: 329168
Owned: 244387
Halo : 84781
Measurements:
Total accumulated                  : 31345412450481 ns (31345.412s)
  Initialization                   :      120976793 ns (    0.121s) =  0.000%
  Simulate                         : 31345291472402 ns (31345.291s) =100.000%
    PositionUpdate                 :   143798470665 ns (  143.798s) =  0.459%
    UpdateContainer                :  5828651665155 ns ( 5828.652s) = 18.595%
    Boundaries                     : 14679401850575 ns (14679.402s) = 46.831%
      HaloParticleExchange         : 13970526958587 ns (13970.527s) = 91.768%
      ReflectParticlesAtBoundaries :   544301896686 ns (  544.302s) =  3.575%
      MigratingParticleExchange    :   708874891988 ns (  708.875s) =  4.656%
    ForceUpdateTotal               :  9886109114419 ns ( 9886.109s) = 31.539%
      ForceUpdateNonTuning         :  9885577154905 ns ( 9885.577s) = 99.995%
    VelocityUpdate                 :   251976038864 ns (  251.976s) =  0.804%
    Thermostat                     :     6315659180 ns (    6.316s) =  0.020%
    LoadBalancing                  :       32084443 ns (    0.032s) =  0.000%
  One iteration                  :       52242152 ns (    0.052s) =  0.000%
Total wall-clock time              : 31345412450481 ns (31345.412s) =100.000%

Tuning iterations                  : 0 / 600000 = 0%
MFUPs/sec                          : 14.8321
Mean Rebuild Frequency               : 29.9401
